سلام از فارسی‌اسکریپت